max_provinces = 1732
definitions = "definition.csv"
provinces = "provinces.bmp"
positions = "positions.txt"
terrain = "terrain.bmp"
rivers = "rivers.bmp"
terrain_definition = "terrain.txt"
heightmap = "topology.bmp"
tree_definition = "trees.bmp"
continent = "continent.txt"
adjacencies = "adjacencies.csv"
climate = "climate.txt"
region = "island_region.txt"
geographical_region = "geographical_region.txt"
static = "statics"
seasons = "seasons.txt"

# European Seas
sea_zones = { 936 943 }
sea_zones = { 945 1012 }
sea_zones = { 1014 1111 }
sea_zones = { 1305 1305 }

# Indian Seas
sea_zones = { 1307 1317 }
sea_zones = { 1382 1407 }
sea_zones = { 1409 1412 }
sea_zones = { 1293 1293 }

# Non-accessible sea zones
sea_zones = { 944 944 }

ocean_region = {	# European Ocean
	sea_zones = { 1 2 3 4 }
}

ocean_region = {	# Indian Ocean
	sea_zones = { 5 6 7 8 }
}

# Define which indices in trees.bmp palette which should count as trees for automatic terrain assignment
tree = { 3 4 7 10 }

major_rivers = 
{ 
	# India
	1307 1308 1309 1310 # Indus
	1311 1312 1313 1314 1315 # Ganges
	1316 1317 # Brahmaputra
	# Europe
	1043 1044 1045 #Rhine
	1046 1047 1048 1049 1050 #Elbe
	1107 1108 #Garonne
	1039 1040 #Loire
	1041 1042 #Seine
	1051 1052 1053 1054 1055 #Vistula
	1080 1081 1082 #Dwina
	1083 #Neva
	1084 #Svir
	1085 1086 1087 #Volkhov/Lake Ilmen/Lovat
	1092 1093 1094 1095 1096 1097 1098 1099 1100 1101 1105 1106 #Volga
	1102 1103 1104 #Oka
	1088 1089 1090 1091 #Don
	1070 1071 1072 1076 1077 1078 #Dnieper
	1079 #Pripyat
	1073 1074 1075 #Desna
	1056 1057 #Dniester
	1058 1059 1060 1061 1063 1065 1066 1067 1068 1069 #Danube
	1062 952 1064 972 #Caspian Sea
	958 #Ladoga
	997 #Onega
	944 #Aral Sea
}

externals = { 1464 1465 } # Paths to china
